// Jest Snapshot v1, https://goo.gl/fbAQLP

exports[`Description should render the Description component correctly 1`] = `
<p
  className="[ Description ]"
>
  Rigatoni are a form of tube-shaped pasta of varying lengths and diameters originating in Italy. They are larger than penne and ziti, and sometimes slightly curved, though not as curved as elbow macaroni.
</p>
`;
